[0.016s] Invoking command in '/home/wube/health_bot_ws/build/health_bot_description': DEBUGINFOD_URLS=https://debuginfod.ubuntu.com /usr/bin/cmake /home/wube/health_bot_ws/src/health_bot_description -DCMAKE_INSTALL_PREFIX=/home/wube/health_bot_ws/install/health_bot_description
[0.041s] -- Found ament_cmake: 2.5.5 (/opt/ros/jazzy/share/ament_cmake/cmake)
[0.462s] -- Found ament_lint_auto: 0.17.4 (/opt/ros/jazzy/share/ament_lint_auto/cmake)
[0.601s] Error parsing '/home/wube/health_bot_ws/src/health_bot_description/package.xml':
[4.049s] Traceback (most recent call last):
[4.050s]   File "/usr/lib/python3/dist-packages/catkin_pkg/package.py", line 610, in parse_package_string
[4.050s]     root = dom.parseString(data)
[4.050s]            ^^^^^^^^^^^^^^^^^^^^^
[4.050s]   File "/usr/lib/python3.12/xml/dom/minidom.py", line 2000, in parseString
[4.051s]     return expatbuilder.parseString(string)
[4.051s]            ^^^^^^^^^^^^^^^^^^^^^^^^^^^^^^^^
[4.051s]   File "/usr/lib/python3.12/xml/dom/expatbuilder.py", line 922, in parseString
[4.051s]     return builder.parseString(string)
[4.052s]            ^^^^^^^^^^^^^^^^^^^^^^^^^^^
[4.052s]   File "/usr/lib/python3.12/xml/dom/expatbuilder.py", line 220, in parseString
[4.052s]     parser.Parse(string, True)
[4.052s] xml.parsers.expat.ExpatError: not well-formed (invalid token): line 7, column 47
[4.052s] 
[4.052s] During handling of the above exception, another exception occurred:
[4.053s] 
[4.053s] Traceback (most recent call last):
[4.053s]   File "/opt/ros/jazzy/share/ament_cmake_core/cmake/core/package_xml_2_cmake.py", line 150, in <module>
[4.053s]     main()
[4.053s]   File "/opt/ros/jazzy/share/ament_cmake_core/cmake/core/package_xml_2_cmake.py", line 53, in main
[4.053s]     raise e
[4.053s]   File "/opt/ros/jazzy/share/ament_cmake_core/cmake/core/package_xml_2_cmake.py", line 49, in main
[4.054s]     package = parse_package_string(
[4.054s]               ^^^^^^^^^^^^^^^^^^^^^
[4.054s]   File "/usr/lib/python3/dist-packages/catkin_pkg/package.py", line 612, in parse_package_string
[4.054s]     raise InvalidPackage('The manifest contains invalid XML:\n%s' % ex, filename)
[4.054s] catkin_pkg.package.InvalidPackage: Error(s) in package '/home/wube/health_bot_ws/src/health_bot_description/package.xml':
[4.054s] The manifest contains invalid XML:
[4.055s] not well-formed (invalid token): line 7, column 47
[4.136s] [31mCMake Error at /opt/ros/jazzy/share/ament_cmake_core/cmake/core/ament_package_xml.cmake:95 (message):
[4.137s]   execute_process(/usr/bin/python3
[4.137s]   /opt/ros/jazzy/share/ament_cmake_core/cmake/core/package_xml_2_cmake.py
[4.137s]   /home/wube/health_bot_ws/src/health_bot_description/package.xml
[4.137s]   /home/wube/health_bot_ws/build/health_bot_description/ament_cmake_core/package.cmake)
[4.137s]   returned error code 1
[4.137s] Call Stack (most recent call first):
[4.137s]   /opt/ros/jazzy/share/ament_cmake_core/cmake/core/ament_package_xml.cmake:49 (_ament_package_xml)
[4.137s]   /opt/ros/jazzy/share/ament_lint_auto/cmake/ament_lint_auto_find_test_dependencies.cmake:31 (ament_package_xml)
[4.138s]   CMakeLists.txt:23 (ament_lint_auto_find_test_dependencies)
[4.138s] 
[4.138s] [0m
[4.138s] -- Configuring incomplete, errors occurred!
[4.143s] Invoked command in '/home/wube/health_bot_ws/build/health_bot_description' returned '1': DEBUGINFOD_URLS=https://debuginfod.ubuntu.com /usr/bin/cmake /home/wube/health_bot_ws/src/health_bot_description -DCMAKE_INSTALL_PREFIX=/home/wube/health_bot_ws/install/health_bot_description
